[backblue.gif]
[fade.gif]
[index.html]
[www.cplusplus.com/doc/tutorial/index.html]
[www.cplusplus.com/doc/tutorial/introduction/index.html]
[www.cplusplus.com/doc/tutorial/program_structure/index.html]
[www.cplusplus.com/doc/tutorial/variables/index.html]
[www.cplusplus.com/doc/tutorial/constants/index.html]
[www.cplusplus.com/doc/tutorial/operators/index.html]
[www.cplusplus.com/doc/tutorial/basic_io/index.html]
[www.cplusplus.com/doc/tutorial/control/for_loop.png]
[www.cplusplus.com/doc/tutorial/control/index.html]
[www.cplusplus.com/doc/tutorial/functions/function_arguments.png]
[www.cplusplus.com/doc/tutorial/functions/function_return_value.png]
[www.cplusplus.com/doc/tutorial/functions/function_by_reference.png]
[www.cplusplus.com/doc/tutorial/functions/index.html]
[www.cplusplus.com/doc/tutorial/functions2/index.html]
[www.cplusplus.com/doc/tutorial/namespaces/index.html]
[www.cplusplus.com/doc/tutorial/arrays/arrays1.png]
[www.cplusplus.com/doc/tutorial/arrays/arrays2.png]
[www.cplusplus.com/doc/tutorial/arrays/arrays3.png]
[www.cplusplus.com/doc/tutorial/arrays/arrays4.png]
[www.cplusplus.com/doc/tutorial/arrays/arrays5.png]
[www.cplusplus.com/doc/tutorial/arrays/bidimensional_arrays1.png]
[www.cplusplus.com/doc/tutorial/arrays/bidimensional_arrays2.png]
[www.cplusplus.com/doc/tutorial/arrays/bidimensional_arrays3.png]
[www.cplusplus.com/doc/tutorial/arrays/index.html]
[www.cplusplus.com/doc/tutorial/ntcs/c_strings1.png]
[www.cplusplus.com/doc/tutorial/ntcs/c_strings2.png]
[www.cplusplus.com/doc/tutorial/ntcs/index.html]
[www.cplusplus.com/doc/tutorial/pointers/reference_operator.png]
[www.cplusplus.com/doc/tutorial/pointers/dereference_operator.png]
[www.cplusplus.com/doc/tutorial/pointers/pointer_arithmetics.png]
[www.cplusplus.com/doc/tutorial/pointers/pointer_assignment.png]
[www.cplusplus.com/doc/tutorial/pointers/pointer_to_pointer.png]
[www.cplusplus.com/doc/tutorial/pointers/index.html]
[www.cplusplus.com/doc/tutorial/dynamic/dynamic.png]
[www.cplusplus.com/doc/tutorial/dynamic/index.html]
[www.cplusplus.com/doc/tutorial/structures/index.html]
[www.cplusplus.com/doc/tutorial/other_data_types/union.png]
[www.cplusplus.com/doc/tutorial/other_data_types/index.html]
[www.cplusplus.com/doc/tutorial/classes/index.html]
[www.cplusplus.com/doc/tutorial/templates/index.html]
[www.cplusplus.com/doc/tutorial/classes2/index.html]
[www.cplusplus.com/doc/tutorial/inheritance/inheritance.png]
[www.cplusplus.com/doc/tutorial/inheritance/index.html]
[www.cplusplus.com/doc/tutorial/polymorphism/index.html]
[www.cplusplus.com/doc/tutorial/typecasting/index.html]
[www.cplusplus.com/doc/tutorial/exceptions/index.html]
[www.cplusplus.com/doc/tutorial/preprocessor/index.html]
[www.cplusplus.com/doc/tutorial/files/index.html]
[www.cplusplus.com/doc/tutorial/introduction/codeblocks/codeblocks1.png]
[www.cplusplus.com/doc/tutorial/introduction/codeblocks/codeblocks2.png]
[www.cplusplus.com/doc/tutorial/introduction/codeblocks/index.html]
[www.cplusplus.com/doc/tutorial/introduction/visualstudio/vse1.png]
[www.cplusplus.com/doc/tutorial/introduction/visualstudio/vse2.png]
[www.cplusplus.com/doc/tutorial/introduction/visualstudio/vse3.png]
[www.cplusplus.com/doc/tutorial/introduction/visualstudio/vse4.png]
[www.cplusplus.com/doc/tutorial/introduction/visualstudio/vse5.png]
[www.cplusplus.com/doc/tutorial/introduction/visualstudio/vse6.png]
[www.cplusplus.com/doc/tutorial/introduction/visualstudio/index.html]
[www.cplusplus.com/doc/tutorial/introduction/devcpp/devcpp1.png]
[www.cplusplus.com/doc/tutorial/introduction/devcpp/devcpp2.png]
[www.cplusplus.com/doc/tutorial/introduction/devcpp/index.html]
